ey class="com.microchip.mcc.core.tokenManager.OptionKey" moduleName="Pin Module" registerAlias="CNEN0B" settingAlias="CNIE0B5" alias="enabled"/>
         <value>1</value>
      </entry>
      <entry>
         <key class="com.microchip.mcc.core.tokenManager.OptionKey" moduleName="Pin Module" registerAlias="CNEN0B" settingAlias="CNIE0B6" alias="disabled"/>
         <value>0</value>
      </entry>
      <entry>
         <key class="com.microchip.mcc.core.tokenManager.OptionKey" moduleName="Pin Module" registerAlias="CNEN0B" settingAlias="CNIE0B6" alias="enabled"/>
         <value>1</value>
      </entry>
      <entry>
         <key class="com.microchip.mcc.core.tokenManager.OptionKey" moduleName="Pin Module" registerAlias="CNEN0B" settingAlias="CNIE0B7" alias="disabled"/>
         <value>0</value>
      </entry>
      <entry>
         <key class="com.microchip.mcc.core.tokenManager.OptionKey" moduleName="Pin Module" registerAlias="CNEN0B" settingAlias="CNIE0B7" alias="enabled"/>
         <value>1</value>
      </entry>
      <entry>
         <key class="com.microchip.mcc.core.tokenManager.OptionKey" moduleName="Pin Module" registerAlias="CNEN0B" settingAlias="CNIE0B8" alias="disabled"/>
         <value>0</value>
      </entry>
      <entry>
         <key class="com.microchip.mcc.core.tokenManager.OptionKey" moduleName="Pin Module" registerAlias="CNEN0B" settingAlias="CNIE0B8" alias="enabled"/>
         <value>1</value>
      </entry>
      <entry>
         <key class="com.microchip.mcc.core.tokenManager.OptionKey" moduleName="Pin Module" registerAlias="CNEN0B" settingAlias="CNIE0B9" alias="disabled"/>
         <value>0</value>
      </entry>
      <entry>
         <key class="com.microchip.mcc.core.tokenManager.OptionKey" moduleName="Pin Module" registerAlias="CNEN0B" settingAlias="CNIE0B9" alias="enabled"/>
         <value>1</value>
      </entry>
      <entry>
         <key class="com.microchip.mcc.core.tokenManager.OptionKey" moduleName="Pin Module" registerAlias="CNEN0C" settingAlias="CNIE0C0" alias="disabled"/>
         <value>0</value>
      </entry>
      <entry>
         <key class="com.microchip.mcc.core.tokenManager.OptionKey" moduleName="Pin Module" registerAlias="CNEN0C" settingAlias="CNIE0C0" alias="enabled"/>
         <value>1</value>
      </entry>
      <entry>
         <key class="com.microchip.mcc.core.tokenManager.OptionKey" moduleName="Pin Module" registerAlias="CNEN0C" settingAlias="CNIE0C1" alias="disabled"/>
         <value>0</value>
      </entry>
      <entry>
         <key class="com.microchip.mcc.core.tokenManager.OptionKey" moduleName="Pin Module" registerAlias="CNEN0C" settingAlias="CNIE0C1" alias="enabled"/>
         <value>1</value>
      </entry>
      <entry>
         <key class="com.microchip.mcc.core.tokenManager.OptionKey" moduleName="Pin Module" registerAlias="CNEN0C" settingAlias="CNIE0C10" alias="disabled