
         <key class="com.microchip.mcc.core.tokenManager.OptionKey" moduleName="Pin Module" registerAlias="CNFC" settingAlias="CNFC11" alias="disabled"/>
         <value>0</value>
      </entry>
      <entry>
         <key class="com.microchip.mcc.core.tokenManager.OptionKey" moduleName="Pin Module" registerAlias="CNFC" settingAlias="CNFC11" alias="enabled"/>
         <value>1</value>
      </entry>
      <entry>
         <key class="com.microchip.mcc.core.tokenManager.OptionKey" moduleName="Pin Module" registerAlias="CNFC" settingAlias="CNFC12" alias="disabled"/>
         <value>0</value>
      </entry>
      <entry>
         <key class="com.microchip.mcc.core.tokenManager.OptionKey" moduleName="Pin Module" registerAlias="CNFC" settingAlias="CNFC12" alias="enabled"/>
         <value>1</value>
      </entry>
      <entry>
         <key class="com.microchip.mcc.core.tokenManager.OptionKey" moduleName="Pin Module" registerAlias="CNFC" settingAlias="CNFC13" alias="disabled"/>
         <value>0</value>
      </entry>
      <entry>
         <key class="com.microchip.mcc.core.tokenManager.OptionKey" moduleName="Pin Module" registerAlias="CNFC" settingAlias="CNFC13" alias="enabled"/>
         <value>1</value>
      </entry>
      <entry>
         <key class="com.microchip.mcc.core.tokenManager.OptionKey" moduleName="Pin Module" registerAlias="CNFC" settingAlias="CNFC14" alia