ry>
      <entry>
         <key class="com.microchip.mcc.core.tokenManager.OptionKey" moduleName="Pin Module" registerAlias="CNSTATC" settingAlias="CNSTATC1" alias="disabled"/>
         <value>0</value>
      </entry>
      <entry>
         <key class="com.microchip.mcc.core.tokenManager.OptionKey" moduleName="Pin Module" registerAlias="CNSTATC" settingAlias="CNSTATC1" alias="enabled"/>
         <value>1</value>
      </entry>
      <entry>
         <key class="com.microchip.mcc.core.tokenManager.OptionKey" moduleName="Pin Module" registerAlias="CNSTATC" settingAlias="CNSTATC10" alias="disabled"/>
         <value>0</value>
      </entry>
      <entry>
         <key class="com.microchip.mcc.core.tokenManager.OptionKey" moduleName="Pin Module" registerAlias="CNSTATC" settingAlias="CNSTATC10" alias="enabled"/>
         <value>1</value>
      </entry>
      <entry>
         <key class="com.microchip.mcc.core.tokenManager.OptionKey" moduleName="Pin Module" registerAlias="CNSTATC" settingAlias="CNSTATC11" alias="disabled"/>
         <value>0</value>
      </entry>
      <entry>
         <key class="com.microchip.mcc.core.tokenManager.OptionKey" moduleName="Pin Module" registerAlias="CNSTATC" settingAlias="CNSTATC11" alias="enabled"/>
         <value>1</value>
      </entry>
      <entry>
         <key class="com.microchip.mcc.core.tokenManager.OptionKey" moduleName="Pin Module" registerAlias="CNSTATC" settingAlias="CNSTATC12" alias="disabled"/>
         <value>0</value>
      </entry>
      <entry>
         <key class="com.microchip.mcc.core.tokenManager.OptionKey" moduleName="Pin Module" registerAlias="CNSTATC" settingAlias="CNSTATC12" alias="enabled"/>
         <value>1</value>
      </entry>
      <entry>
         <key class="com.microchip.mcc.core.tokenManager.OptionKey" moduleName="Pin Module" registerAlias="CNSTATC" settingAlias="CNSTATC13" alias="disabled"/>
         <value>0</value>
      </entry>
      <entry>
         <key class="com.microchip.mcc.core.tokenManager.OptionKey" moduleName="Pin Module" registerAlias="CNSTATC" settingAlias="CNSTATC13" alias="enabled"/>
         <value>1</value>
      </entry>
      <entry>
         <key class="com.microchip.mcc.core.tokenManager.OptionKey" moduleName="Pin Module" registerAlias="CNSTATC" settingAlias="CNSTATC14" alias="disabled"/>
         <value>0</value>
      