  <entry>
         <key class="com.microchip.mcc.core.tokenManager.OptionKey" moduleName="ADC1" registerAlias="ADCMP2CON" settingAlias="CHNL" alias="AN11"/>
         <value>11</value>
      </entry>
      <entry>
         <key class="com.microchip.mcc.core.tokenManager.OptionKey" moduleName="ADC1" registerAlias="ADCMP2CON" settingAlias="CHNL" alias="AN12"/>
         <value>12</value>
      </entry>
      <entry>
         <key class="com.microchip.mcc.core.tokenManager.OptionKey" moduleName="ADC1" registerAlias="ADCMP2CON" settingAlias="CHNL" alias="AN13"/>
         <value>13</value>
      </entry>
      <entry>
         <key class="com.microchip.mcc.core.tokenManager.OptionKey" moduleName="ADC1" registerAlias="ADCMP2CON" settingAlias="CHNL" alias="AN14"/>
         <value>14</value>
      </entry>
      <entry>
         <key class="com.microchip.mcc.core.tokenManager.OptionKey" moduleName="ADC1" registerAlias="ADCMP2CON" settingAlias="CHNL" alias="AN15"/>
         <value>15</value>
      </entry>
      <entry>
         <key class="com.microchip.mcc.core.tokenManager.OptionKey" moduleName="ADC1" registerAlias="ADCMP2CON" settingAlias="CHNL" alias="AN16"/>
         <value>16</value>
      </entry>
      <entry>
         <key class="com.microchip.mcc.core.tokenManager.OptionKey" moduleName="ADC1" registerAlias="ADCMP2CON" settingAlias="CHNL" alias="AN17"/>
         <value>17</value>
      </entry>
      <entry>
         <key class="com.microchip.mcc.core.tokenManager.OptionKey" moduleName="ADC1" registerAlias="ADCMP2CON" settingAlias="CHNL" alias="AN18"/>
         <value>18</value>
      </entry>
      <entry>
         <key class="com.microchip.mcc.core.tokenManager.OptionKey" moduleName="ADC1" registerAlias="ADCMP2CON" settingAlias="CHNL" alias="AN19"/>
         <value>19</value>
      </entry>
      <entry>
         <key class="com.microchip.mcc.core.tokenManager.OptionKey" moduleName="ADC1" registerAlias="ADCMP2CON" settingAlias="CHNL" alias="AN2"/>
         <value>2</value>
      </entry>
      <entry>
         <key class="com.microchip.mcc.core.tokenManager.OptionKey" moduleName="ADC1" registerAlias="ADCMP2CON" settingAlias="CHNL" alias="AN20"/>
         <value>20</value>
      </entry>
      <entry>
         <key class="com.microchip.mcc.core.tokenManager.OptionKey" moduleName="ADC1" registerAlias="ADCMP2CON" settingAlias="CHNL" alias="AN21"/>
         <value>21</value>
      </entry>
      <entry>
         <key class="com.microchip.mcc.core.tokenManager.OptionKey" moduleName="ADC1" registerAlias="ADCMP2CON" settingAlias="CHNL" alias="AN22"/>
         <value>22</value>
      </entry>
      <entry>
         <key class="com.microchip.mcc.core.tokenManager.OptionKey" moduleName="ADC1" registerAlias="ADCMP2CON" settingAlias="CHNL" alias="AN23"/>
         <value>23</value>
      </entry>
      <entry>
         <key class="com.microchip.mcc.cor