   <value>1</value>
      </entry>
      <entry>
         <key class="com.microchip.mcc.core.tokenManager.OptionKey" moduleName="ADC1" registerAlias="ADCMP1CON" settingAlias="STAT" alias="disabled"/>
         <value>0</value>
      </entry>
      <entry>
         <key class="com.microchip.mcc.core.tokenManager.OptionKey" moduleName="ADC1" registerAlias="ADCMP1CON" settingAlias="STAT" alias="enabled"/>
         <value>1</value>
      </entry>
      <entry>
         <key class="com.microchip.mcc.core.tokenManager.OptionKey" moduleName="ADC1" registerAlias="ADCMP1ENH" settingAlias="CMPEN16" alias="disabled"/>
         <value>0</value>
      </entry>
      <entry>
         <key class="com.microchip.mcc.core.tokenManager.OptionKey" moduleName="ADC1" registerAlias="ADCMP1ENH" settingAlias="CMPEN16" alias="enabled"/>
         <value>1</value>
      </entry>
      <entry>
         <key class="com.microchip.mcc.core.tokenManager.OptionKey" moduleName="ADC1" registerAlias="ADCMP1ENH" settingAlias="CMPEN17" alias="disabled"/>
         <value>0</value>
      </entry>
      <entry>
         <key class="com.microchip.mcc.core.tokenManager.OptionKey" moduleName="ADC1" registerAlias="ADCMP1ENH" settingAlias="CMPEN17" alias="enabled"/>
         <value>1</value>
      </entry>
      <entry>
         <key class="com.microchip.mcc.core.tokenManager.OptionKey" moduleName="ADC1" registerAlias="ADCMP1ENH" settingAlias="CMPEN18" alias="disabled"/>
         <value>0</value>
      </entry>
      <entry>
         <key class="com.microchip.mcc.core.tokenManager.OptionKey" moduleName="ADC1" registerAlias="ADCMP1ENH" settingAlias="CMPEN18" alias="enabled"/>
         <value>1</value>
      </entry>
      <entry>
         <key class="com.microchip.mcc.core.tokenManager.OptionKey" moduleName="ADC1" registerAlias="ADCMP1ENH" settingAlias="CMPEN19" alias="disabled"/>
         <value>0</value>
      </entry>
      <entry>
         <key class="com.microchip.mcc.core.tokenManager.OptionKey" moduleName="ADC1" registerAlias="ADCMP1ENH" settingAlias="CMPEN19" alias="enabled"/>
         <value>1</value>
      </entry>
      <entry>
         <key class="com.microchip.mcc.core.tokenManager.OptionKey" moduleName="ADC1" registerAlias="ADCMP1ENH" settingAlias="CMPEN20" alias="disabled"/>
         <value>0</value>
      </entry>
      <entry>
         <key cl