"com.microchip.mcc.core.tokenManager.OptionKey" moduleName="ADC1" registerAlias="ADCMP0ENH" settingAlias="CMPEN22" alias="disabled"/>
         <value>0</value>
      </entry>
      <entry>
         <key class="com.microchip.mcc.core.tokenManager.OptionKey" moduleName="ADC1" registerAlias="ADCMP0ENH" settingAlias="CMPEN22" alias="enabled"/>
         <value>1</value>
      </entry>
      <entry>
         <key class="com.microchip.mcc.core.tokenManager.OptionKey" moduleName="ADC1" registerAlias="ADCMP0ENH" settingAlias="CMPEN23" alias="disabled"/>
         <value>0</value>
      </entry>
      <entry>
         <key class="com.microchip.mcc.core.tokenManager.OptionKey" moduleName="ADC1" registerAlias="ADCMP0ENH" settingAlias="CMPEN23" alias="enabled"/>
         <value>1</value>
      </entry>
      <entry>
         <key class="com.microchip.mcc.core.tokenManager.OptionKey" moduleName="ADC1" registerAlias="ADCMP0ENH" settingAlias="CMPEN24" alias="disabled"/>
         <value>0</value>
      </entry>
      <entry>
         <key class="com.microchip.mcc.core.tokenManager.OptionKey" moduleName="ADC1" registerAlias="ADCMP0ENH" settingAlias="CMPEN24" alias="enabled"/>
         <value>1</value>
      </entry>
      <entry>
         <key class="com.microchip.mcc.core.tokenManager.OptionKey" moduleName="ADC1" registerAlias="ADCMP0ENH" settingAlias="CMPEN25" alias="disabled"/>
      